// Jest Snapshot v1, https://goo.gl/fbAQLP

exports[`<Main /> should render the heading 1`] = `
.c0 {
  background-color: #ffffff;
  color: #000000;
  width: 100%;
  height: 100%;
  padding: 6rem;
  text-align: center;
  display: -webkit-box;
  display: -webkit-flex;
  display: -ms-flexbox;
  display: flex;
  -webkit-flex-direction: column;
  -ms-flex-direction: column;
  flex-direction: column;
  -webkit-align-items: center;
  -webkit-box-align: center;
  -ms-flex-align: center;
  align-items: center;
  -webkit-box-pack: center;
  -webkit-justify-content: center;
  -ms-flex-pack: center;
  justify-content: center;
}

.c1 {
  width: 15rem;
  margin-bottom: 8rem;
  background-color: #ffffff;
}

.c2 {
  font-size: 2.5rem;
}

.c3 {
  font-size: 2rem;
  font-weight: 400;
}

.c4 {
  margin-top: 3rem;
  width: min(20rem,100%);
  background-color: #ffffff;
}

<main
  class="c0"
>
  <img
    alt="Imagem de logomarca da Vercel - que é um triângulo"
    class="c1"
    src="/vercel.svg"
  />
  <h1
    class="c2"
  >
    Setup Project Frontend
  </h1>
  <h2
    class="c3"
  >
    Typescript, ReactJS, NextJS e Styled Components
  </h2>
  <img
    alt="Imagem de logomarca do framework NextJS - que é a letra dentro de um círculo"
    class="c4"
    src="/next.svg"
  />
</main>
`;
